// Jest Snapshot v1, https://goo.gl/fbAQLP

exports[`Prueba de <HomeScreen /> debe mostrarse correctamente 1`] = `
<div>
  <h1>
    HomeScreen
  </h1>
  <hr />
  <pre>
    {
   "name": "paulo lopez",
   "email": "paulo@gmail.com"
}
  </pre>
</div>
`;
